exports[`function Totals({ totals }) {

  if (Object.keys(totals).length !== 0) {
    return (
      /* istanbul ignore next */_react2.default.createElement( /* istanbul ignore next */'tr', /* istanbul ignore next */{ __source: { fileName: _jsxFileName, lineNumber: 8 }, __self: this },
        /* istanbul ignore next */_react2.default.createElement( /* istanbul ignore next */'td', /* istanbul ignore next */{ __source: { fileName: _jsxFileName, lineNumber: 9 }, __self: this }, 'Totals'),
        /* istanbul ignore next */_react2.default.createElement( /* istanbul ignore next */'td', /* istanbul ignore next */{ __source: { fileName: _jsxFileName, lineNumber: 10 }, __self: this }, ''),
        /* istanbul ignore next */_react2.default.createElement( /* istanbul ignore next */'td', /* istanbul ignore next */{ __source: { fileName: _jsxFileName, lineNumber: 11 }, __self: this }, /* istanbul ignore next */(0, _Utils.formatCurrency)(totals.totalShare)),
        /* istanbul ignore next */_react2.default.createElement( /* istanbul ignore next */'td', /* istanbul ignore next */{ __source: { fileName: _jsxFileName, lineNumber: 12 }, __self: this }, /* istanbul ignore next */(0, _Utils.formatLocalCurrency)(totals.totalShareNumbers)),
        /* istanbul ignore next */_react2.default.createElement( /* istanbul ignore next */'td', /* istanbul ignore next */{ __source: { fileName: _jsxFileName, lineNumber: 13 }, __self: this }, totals.totalSharePercent.toFixed(2)),
        /* istanbul ignore next */_react2.default.createElement( /* istanbul ignore next */'td', /* istanbul ignore next */{ __source: { fileName: _jsxFileName, lineNumber: 14 }, __self: this }, totals.totalFixedShare.toFixed(2)),
        /* istanbul ignore next */_react2.default.createElement( /* istanbul ignore next */'td', /* istanbul ignore next */{ __source: { fileName: _jsxFileName, lineNumber: 15 }, __self: this }, /* istanbul ignore next */(0, _Utils.formatCurrency)(totals.totalNonCash)),
        /* istanbul ignore next */_react2.default.createElement( /* istanbul ignore next */'td', /* istanbul ignore next */{ __source: { fileName: _jsxFileName, lineNumber: 16 }, __self: this }, /* istanbul ignore next */(0, _Utils.formatCurrency)(totals.totalInvestedCash)),
        /* istanbul ignore next */_react2.default.createElement( /* istanbul ignore next */'td', /* istanbul ignore next */{ __source: { fileName: _jsxFileName, lineNumber: 17 }, __self: this }, ''),
        /* istanbul ignore next */_react2.default.createElement( /* istanbul ignore next */'td', /* istanbul ignore next */{ __source: { fileName: _jsxFileName, lineNumber: 18 }, __self: this }, totals.totalDays),
        /* istanbul ignore next */_react2.default.createElement( /* istanbul ignore next */'td', /* istanbul ignore next */{ __source: { fileName: _jsxFileName, lineNumber: 19 }, __self: this }, ''),
        /* istanbul ignore next */_react2.default.createElement( /* istanbul ignore next */'td', /* istanbul ignore next */{ __source: { fileName: _jsxFileName, lineNumber: 20 }, __self: this }, totals.totalWorkedHours),
        /* istanbul ignore next */_react2.default.createElement( /* istanbul ignore next */'td', /* istanbul ignore next */{ __source: { fileName: _jsxFileName, lineNumber: 21 }, __self: this }, ''),
        /* istanbul ignore next */_react2.default.createElement( /* istanbul ignore next */'td', /* istanbul ignore next */{ __source: { fileName: _jsxFileName, lineNumber: 22 }, __self: this }, /* istanbul ignore next */(0, _Utils.formatCurrency)(totals.totalSalary))));


  } else
  return false;
} renders and matches snapshot 1`] = `
<tr>
  <td>
    Totals
  </td>
  <td>
    
  </td>
  <td>
    
  </td>
  <td>
    
  </td>
  <td>
    0.00
  </td>
  <td>
    0.00
  </td>
  <td>
    
  </td>
  <td>
    
  </td>
  <td>
    
  </td>
  <td>
    0
  </td>
  <td>
    
  </td>
  <td>
    0
  </td>
  <td>
    
  </td>
  <td>
    
  </td>
</tr>
`;
